start Model Optimizer!
initialization
Can not open input file !
